src/components/common/__tests__/CountryStateCitySelect.test.tsx(4,1): error TS2582: Cannot find name 'describe'. Do you need to install type definitions for a test runner? Try `npm i --save-dev @types/jest` or `npm i --save-dev @types/mocha`.
src/components/common/__tests__/CountryStateCitySelect.test.tsx(5,33): error TS2708: Cannot use namespace 'jest' as a value.
src/components/common/__tests__/CountryStateCitySelect.test.tsx(6,31): error TS2708: Cannot use namespace 'jest' as a value.
src/components/common/__tests__/CountryStateCitySelect.test.tsx(7,30): error TS2708: Cannot use namespace 'jest' as a value.
src/components/common/__tests__/CountryStateCitySelect.test.tsx(18,5): error TS2304: Cannot find name 'beforeEach'.
src/components/common/__tests__/CountryStateCitySelect.test.tsx(19,9): error TS2708: Cannot use namespace 'jest' as a value.
src/components/common/__tests__/CountryStateCitySelect.test.tsx(22,5): error TS2582: Cannot find name 'it'. Do you need to install type definitions for a test runner? Try `npm i --save-dev @types/jest` or `npm i --save-dev @types/mocha`.
src/components/common/__tests__/CountryStateCitySelect.test.tsx(25,9): error TS2304: Cannot find name 'expect'.
src/components/common/__tests__/CountryStateCitySelect.test.tsx(26,9): error TS2304: Cannot find name 'expect'.
src/components/common/__tests__/CountryStateCitySelect.test.tsx(27,9): error TS2304: Cannot find name 'expect'.
src/components/common/__tests__/CountryStateCitySelect.test.tsx(30,5): error TS2582: Cannot find name 'it'. Do you need to install type definitions for a test runner? Try `npm i --save-dev @types/jest` or `npm i --save-dev @types/mocha`.
src/components/common/__tests__/CountryStateCitySelect.test.tsx(34,9): error TS2304: Cannot find name 'expect'.
src/components/common/__tests__/CountryStateCitySelect.test.tsx(37,5): error TS2582: Cannot find name 'it'. Do you need to install type definitions for a test runner? Try `npm i --save-dev @types/jest` or `npm i --save-dev @types/mocha`.
src/components/common/__tests__/CountryStateCitySelect.test.tsx(41,9): error TS2304: Cannot find name 'expect'.
src/components/common/__tests__/CountryStateCitySelect.test.tsx(44,5): error TS2582: Cannot find name 'it'. Do you need to install type definitions for a test runner? Try `npm i --save-dev @types/jest` or `npm i --save-dev @types/mocha`.
src/components/common/__tests__/CountryStateCitySelect.test.tsx(51,13): error TS2304: Cannot find name 'expect'.
src/components/common/__tests__/CountryStateCitySelect.test.tsx(55,5): error TS2582: Cannot find name 'it'. Do you need to install type definitions for a test runner? Try `npm i --save-dev @types/jest` or `npm i --save-dev @types/mocha`.
src/components/common/__tests__/CountryStateCitySelect.test.tsx(59,9): error TS2304: Cannot find name 'expect'.
src/components/common/__tests__/CountryStateCitySelect.test.tsx(60,9): error TS2304: Cannot find name 'expect'.
src/components/common/__tests__/CountryStateCitySelect.test.tsx(63,5): error TS2582: Cannot find name 'it'. Do you need to install type definitions for a test runner? Try `npm i --save-dev @types/jest` or `npm i --save-dev @types/mocha`.
src/components/common/__tests__/CountryStateCitySelect.test.tsx(71,9): error TS2304: Cannot find name 'expect'.
src/components/common/__tests__/CountryStateCitySelect.test.tsx(72,9): error TS2304: Cannot find name 'expect'.
src/components/common/__tests__/CountryStateCitySelect.test.tsx(75,5): error TS2582: Cannot find name 'it'. Do you need to install type definitions for a test runner? Try `npm i --save-dev @types/jest` or `npm i --save-dev @types/mocha`.
src/components/common/__tests__/CountryStateCitySelect.test.tsx(87,9): error TS2304: Cannot find name 'expect'.
src/components/common/__tests__/CountryStateCitySelect.test.tsx(90,5): error TS2582: Cannot find name 'it'. Do you need to install type definitions for a test runner? Try `npm i --save-dev @types/jest` or `npm i --save-dev @types/mocha`.
src/components/common/__tests__/CountryStateCitySelect.test.tsx(101,9): error TS2304: Cannot find name 'expect'.
src/components/common/__tests__/CountryStateCitySelect.test.tsx(102,9): error TS2304: Cannot find name 'expect'.
src/components/common/__tests__/CountryStateCitySelect.test.tsx(105,5): error TS2582: Cannot find name 'it'. Do you need to install type definitions for a test runner? Try `npm i --save-dev @types/jest` or `npm i --save-dev @types/mocha`.
src/components/common/__tests__/CountryStateCitySelect.test.tsx(112,13): error TS2304: Cannot find name 'expect'.
src/components/common/__tests__/CountryStateCitySelect.test.tsx(113,13): error TS2304: Cannot find name 'expect'.
src/pages/invoices/InvoiceEdit.tsx(61,67): error TS2554: Expected 1-2 arguments, but got 3.
src/pages/invoices/InvoiceEdit.tsx(281,33): error TS2322: Type 'Customer | null' is not assignable to type 'Buyer | null'.
  Type 'Customer' is not assignable to type 'Buyer'.
    Types of property 'addressLine1' are incompatible.
      Type 'string | undefined' is not assignable to type 'string'.
        Type 'undefined' is not assignable to type 'string'.
src/pages/invoices/InvoiceEdit.tsx(379,29): error TS2322: Type 'Payment[]' is not assignable to type 'import("C:/Users/Divy/Desktop/Internship Task/TASK-3/frontend/src/components/invoice/PaymentPanel").Payment[]'.
  Property 'note' is missing in type 'Payment' but required in type 'import("C:/Users/Divy/Desktop/Internship Task/TASK-3/frontend/src/components/invoice/PaymentPanel").Payment'.
src/pages/invoices/InvoiceEdit.tsx(380,29): error TS2322: Type 'Dispatch<SetStateAction<Payment[]>>' is not assignable to type '(payments: Payment[]) => void'.
  Types of parameters 'value' and 'payments' are incompatible.
    Type 'Payment[]' is not assignable to type 'SetStateAction<Payment[]>'.
      Type 'import("C:/Users/Divy/Desktop/Internship Task/TASK-3/frontend/src/components/invoice/PaymentPanel").Payment[]' is not assignable to type 'Payment[]'.
        Property 'notes' is missing in type 'import("C:/Users/Divy/Desktop/Internship Task/TASK-3/frontend/src/components/invoice/PaymentPanel").Payment' but required in type 'Payment'.
src/pages/invoices/InvoiceEdit.tsx(385,63): error TS2322: Type 'Dispatch<SetStateAction<string>>' is not assignable to type '(signature: string | null) => void'.
  Types of parameters 'value' and 'signature' are incompatible.
    Type 'string | null' is not assignable to type 'SetStateAction<string>'.
      Type 'null' is not assignable to type 'SetStateAction<string>'.
src/pages/Products.tsx(23,49): error TS2345: Argument of type '{ sku: string; title: string; category: string; description: string; price: number; stock: number; supplierId: string; hsnCode: string; }' is not assignable to parameter of type 'ProductForm | (() => ProductForm)'.
  Type '{ sku: string; title: string; category: string; description: string; price: number; stock: number; supplierId: string; hsnCode: string; }' is missing the following properties from type 'ProductForm': taxType, taxRate
